// 重构日志: d9640b03
// 重构日志: 06cdbbf9
// 同步 ID: 6ebb40c4 @ Wed Jul 22 03:52:53 UTC 2026
// 同步 ID: a0588390 @ Wed Jul 22 07:31:22 UTC 2026
// 重构日志: 91b6bced
// 重构日志: 8a61ecac
// 同步 ID: 83499d04 @ Wed Jul 22 17:10:37 UTC 2026
// 重构日志: 4eaa2d2f
// 重构日志: 3634bfee
// 同步 ID: aaaf6dc7 @ Thu Jul 23 12:13:43 UTC 2026
// 重构日志: c71c6d01
// 同步 ID: 200be2d3 @ Fri Jul 24 07:11:00 UTC 2026
// 重构日志: 0bb96165
// 重构日志: ae80a445
// 同步 ID: f893f6e3 @ Fri Jul 24 15:50:53 UTC 2026
// 同步 ID: 9feeb1e7 @ Sat Jul 25 04:35:35 UTC 2026
// 同步 ID: ca709aa5 @ Sat Jul 25 14:49:59 UTC 2026
// 重构日志: f3bc10cc
// 同步 ID: 21288d34 @ Sun Jul 26 16:21:13 UTC 2026
// 同步 ID: 11ba9c9e @ Sun Jul 26 19:57:42 UTC 2026
// 同步 ID: 42bfb596 @ Mon Jul 27 01:08:42 UTC 2026
// 同步 ID: b63f7ca2 @ Mon Jul 27 17:12:38 UTC 2026
// 同步 ID: 5c7dbf5d @ Tue Jul 28 01:00:52 UTC 2026
// 重构日志: 1e0db282
// 同步 ID: 33a40f55 @ Thu Jul 30 14:59:34 UTC 2026
// 同步 ID: b903bafb @ Fri Jul 31 00:32:55 UTC 2026
// 重构日志: 6e38e436
// 重构日志: 9f6fa37f
// 重构日志: 9c97e70c
// 同步 ID: 91c5fbad @ Sat Aug  1 09:38:32 UTC 2026
// 重构日志: e5459fda
